// Vitest Snapshot v1, https://vitest.dev/guide/snapshot.html

exports[`NewPasswordForm component > renders correctly 1`] = `
<div
  class="w-full p-4 bg-white dark:bg-gray-900 rounded-3xl"
>
  <div
    class="mx-auto w-full xs:w-3/4 flex flex-col gap-4"
  >
    
    <div>
      <input-field-stub
        id="oldPassword"
        modelvalue=""
        name="oldPassword"
        placeholder="Old password"
        type="password"
      />
      
      
    </div>
    <div>
      <input-field-stub
        id="password"
        modelvalue=""
        name="password"
        placeholder="New password"
        type="password"
      />
      
      
    </div>
    <div>
      <input-field-stub
        id="rePassword"
        modelvalue=""
        name="rePassword"
        placeholder="Repeat new password"
        type="password"
      />
      
      
    </div>
    
    <color-button-stub
      buttoncolor="blue"
      class="mx-auto"
      text="button.new_password"
    />
    <!--v-if-->
  </div>
</div>
`;
